// Jest Snapshot v1, https://goo.gl/fbAQLP

exports[`hexToRGB throws if not a hex colour 1`] = `"Color #FFF is not a hex color"`;

exports[`hexToRGB throws if not a hex colour 2`] = `"Color red is not a hex color"`;
