// Jest Snapshot v1, https://goo.gl/fbAQLP

exports[`ArrowSVGRenderer renders 1`] = `
<_class
  model={
    Shape {
      "appearance": BasicAppearance {
        "fillStyle": "#000000",
        "lineWidth": 1,
        "strokeStyle": "#000000",
      },
      "geometry": ArrowGeometry {
        "direction": Vector2 {
          "x": 1,
          "y": 0,
        },
        "headLength": 0.2,
        "headWidth": 0.04,
        "length": 1,
        "origin": Vector2 {
          "x": 0,
          "y": 0,
        },
        "width": 1,
      },
    }
  }
  world={
    Transform {
      "anticlockwise": true,
      "rotate": 0,
      "scale": Object {
        "x": 1,
        "y": 1,
      },
      "translate": Object {
        "x": 0,
        "y": 0,
      },
    }
  }
/>
`;
