// Jest Snapshot v1, https://goo.gl/fbAQLP

exports[`LineSVGRenderer renders 1`] = `
<_class
  model={
    Shape {
      "appearance": BasicAppearance {
        "fill": undefined,
        "stroke": undefined,
      },
      "geometry": LineGeometry {
        "origin": Vector2 {
          "x": 0,
          "y": 0,
        },
        "target": Vector2 {
          "x": 1,
          "y": 1,
        },
      },
    }
  }
  world={
    Transform {
      "anticlockwise": true,
      "rotate": 0,
      "scale": Object {
        "x": 1,
        "y": 1,
      },
      "translate": Object {
        "x": 0,
        "y": 0,
      },
    }
  }
/>
`;
